// Jest Snapshot v1, https://goo.gl/fbAQLP

exports[`should match snapshot 1`] = `
<DocumentFragment>
  <svg
    class="appLogo"
  >
    thelogo.svg
  </svg>
</DocumentFragment>
`;
